\BOOKMARK [1][-]{section.1}{Summary}{}% 1
\BOOKMARK [1][-]{section.2}{Introduction}{}% 2
\BOOKMARK [1][-]{section.3}{Results}{}% 3
\BOOKMARK [2][-]{subsection.3.1}{Plots}{section.3}% 4
\BOOKMARK [2][-]{subsection.3.2}{Subsection with fancy latex code}{section.3}% 5
\BOOKMARK [1][-]{section.4}{Conclusion}{}% 6
